\BOOKMARK [1][-]{section*.4}{\376\377\000W\000e\000e\000k\000\040\0001\000:\000\040}{}% 1
\BOOKMARK [2][-]{section*.5}{\376\377\000T\000M\000V\000:\000\040}{section*.4}% 2
\BOOKMARK [2][-]{section*.6}{\376\377\000G\000r\000o\000u\000p\000\040\000A\000s\000s\000i\000g\000n\000m\000e\000n\000t\000:\000\040}{section*.4}% 3
\BOOKMARK [1][-]{section*.8}{\376\377\000W\000e\000e\000k\000\040\0002\000:\000\040}{}% 4
\BOOKMARK [2][-]{section*.9}{\376\377\000T\000M\000V\000:\000\040}{section*.8}% 5
\BOOKMARK [2][-]{section*.10}{\376\377\000G\000r\000o\000u\000p\000\040\000A\000s\000s\000i\000g\000n\000m\000e\000n\000t\000:\000\040}{section*.8}% 6
\BOOKMARK [1][-]{section*.12}{\376\377\000W\000e\000e\000k\000\040\0003\000:\000\040}{}% 7
\BOOKMARK [2][-]{section*.13}{\376\377\000T\000M\000V\000:\000\040}{section*.12}% 8
\BOOKMARK [2][-]{section*.14}{\376\377\000G\000r\000o\000u\000p\000\040\000A\000s\000s\000i\000g\000n\000m\000e\000n\000t\000:\000\040}{section*.12}% 9
\BOOKMARK [1][-]{section*.16}{\376\377\000W\000e\000e\000k\000\040\0004\000:\000\040}{}% 10
\BOOKMARK [2][-]{section*.17}{\376\377\000T\000M\000V\000:\000\040}{section*.16}% 11
\BOOKMARK [2][-]{section*.18}{\376\377\000G\000r\000o\000u\000p\000\040\000A\000s\000s\000i\000g\000n\000m\000e\000n\000t\000:\000\040}{section*.16}% 12
\BOOKMARK [1][-]{section*.20}{\376\377\000W\000e\000e\000k\000\040\0005\000:\000\040}{}% 13
\BOOKMARK [2][-]{section*.21}{\376\377\000T\000M\000V\000:\000\040}{section*.20}% 14
\BOOKMARK [2][-]{section*.22}{\376\377\000G\000r\000o\000u\000p\000\040\000A\000s\000s\000i\000g\000n\000m\000e\000n\000t\000:\000\040}{section*.20}% 15
\BOOKMARK [1][-]{section*.24}{\376\377\000W\000e\000e\000k\000\040\0006\000:\000\040}{}% 16
\BOOKMARK [2][-]{section*.25}{\376\377\000T\000M\000V\000:\000\040}{section*.24}% 17
\BOOKMARK [2][-]{section*.26}{\376\377\000G\000r\000o\000u\000p\000\040\000A\000s\000s\000i\000g\000n\000m\000e\000n\000t\000:\000\040}{section*.24}% 18
\BOOKMARK [1][-]{section*.28}{\376\377\000W\000e\000e\000k\000\040\0007\000:\000\040\000E\000x\000a\000m\000\040\000:\000:\000\040\0002}{}% 19
\BOOKMARK [2][-]{section*.29}{\376\377\000T\000M\000V\000:\000\040\000P\000S\000\040\0001}{section*.28}% 20
\BOOKMARK [3][-]{problem.7.1}{\376\377\000P\000r\000o\000b\000l\000e\000m\000\040\0007\000.\0001\000:\000\040\000F\000i\000n\000d\000\040\000D\000e\000r\000i\000v\000a\000t\000i\000v\000e\000\040\000o\000f\000\040\000t\000h\000e\000\040\000f\000o\000l\000l\000o\000w\000i\000n\000g\000\040\000f\000u\000n\000c\000t\000i\000o\000n}{section*.29}% 21
\BOOKMARK [2][-]{section*.30}{\376\377\000P\000r\000o\000b\000l\000e\000m\000\040\000S\000e\000t\000:\000\040\0002}{section*.28}% 22
\BOOKMARK [3][-]{problem.7.2}{\376\377\000P\000r\000o\000b\000l\000e\000m\000\040\0007\000.\0002\000:\000\040\000I\000m\000p\000l\000i\000c\000i\000t\000\040\000D\000i\000f\000f\000e\000r\000e\000n\000t\000i\000a\000t\000i\000o\000n}{section*.30}% 23
\BOOKMARK [3][-]{problem.7.3}{\376\377\000P\000r\000o\000b\000l\000e\000m\000\040\0007\000.\0003\000:\000\040\000F\000i\000n\000d\000\040\000T\000a\000n\000g\000e\000n\000t\000\040\000L\000i\000n\000e}{section*.30}% 24
\BOOKMARK [2][-]{section*.31}{\376\377\000P\000r\000o\000b\000l\000e\000m\000\040\000S\000e\000t\000:\000\040\0003\000\040\000\050\000M\000O\000M\000\051}{section*.28}% 25
\BOOKMARK [3][-]{problem.7.4}{\376\377\000P\000r\000o\000b\000l\000e\000m\000\040\0007\000.\0004\000:\000\040\000F\000i\000n\000d\000\040\000D\000e\000r\000i\000v\000a\000t\000i\000v\000e}{section*.31}% 26
\BOOKMARK [1][-]{section*.33}{\376\377\000W\000e\000e\000k\000\040\0008\000:\000\040\000S\000e\000c\000\040\0004\000.\0001\000\040\000a\000n\000d\000\040\0004\000.\0002}{}% 27
\BOOKMARK [2][-]{section*.34}{\376\377\000P\000r\000o\000b\000l\000e\000m\000\040\000S\000e\000t\000:\000\040\000S\000e\000t\000\040\0004\000.\0001\000\040\040\023\000\040\000R\000e\000l\000a\000t\000e\000d\000\040\000R\000a\000t\000e\000s}{section*.33}% 28
\BOOKMARK [3][-]{problem.8.1}{\376\377\000P\000r\000o\000b\000l\000e\000m\000\040\0008\000.\0001\000:\000\040}{section*.34}% 29
\BOOKMARK [3][-]{problem.8.2}{\376\377\000P\000r\000o\000b\000l\000e\000m\000\040\0008\000.\0002\000:\000\040}{section*.34}% 30
\BOOKMARK [3][-]{problem.8.3}{\376\377\000P\000r\000o\000b\000l\000e\000m\000\040\0008\000.\0003\000:\000\040}{section*.34}% 31
\BOOKMARK [3][-]{problem.8.4}{\376\377\000P\000r\000o\000b\000l\000e\000m\000\040\0008\000.\0004\000:\000\040}{section*.34}% 32
\BOOKMARK [3][-]{problem.8.5}{\376\377\000P\000r\000o\000b\000l\000e\000m\000\040\0008\000.\0005\000:\000\040\000S\000h\000a\000d\000o\000w\000\040\000P\000r\000o\000b\000l\000e\000m}{section*.34}% 33
\BOOKMARK [3][-]{problem.8.6}{\376\377\000P\000r\000o\000b\000l\000e\000m\000\040\0008\000.\0006\000:\000\040\000V\000o\000l\000u\000m\000e\000\040\000P\000r\000o\000b\000l\000e\000m}{section*.34}% 34
\BOOKMARK [3][-]{problem.8.7}{\376\377\000P\000r\000o\000b\000l\000e\000m\000\040\0008\000.\0007\000:\000\040\000R\000a\000t\000e\000\040\000o\000f\000\040\000C\000h\000a\000n\000g\000e}{section*.34}% 35
\BOOKMARK [3][-]{problem.8.8}{\376\377\000P\000r\000o\000b\000l\000e\000m\000\040\0008\000.\0008\000:\000\040\000S\000p\000e\000e\000d}{section*.34}% 36
\BOOKMARK [2][-]{section*.35}{\376\377\000P\000r\000o\000b\000l\000e\000m\000\040\000S\000e\000t\000:\000\040\0004\000.\0002\000\040\040\023\000\040\000L\000i\000n\000e\000a\000r\000\040\000A\000p\000p\000r\000o\000x\000i\000m\000a\000t\000i\000o\000n\000s\000\040\000a\000n\000d\000\040\000D\000i\000f\000f\000e\000r\000e\000n\000t\000i\000a\000l\000s}{section*.33}% 37
\BOOKMARK [3][-]{problem.8.9}{\376\377\000P\000r\000o\000b\000l\000e\000m\000\040\0008\000.\0009\000:\000\040\000S\000q\000u\000a\000r\000e\000\040\000R\000o\000o\000t\000\040\000L\000i\000n\000e\000a\000r\000\040\000A\000p\000p\000r\000o\000x\000i\000m\000a\000t\000i\000o\000n}{section*.35}% 38
\BOOKMARK [3][-]{problem.8.10}{\376\377\000P\000r\000o\000b\000l\000e\000m\000\040\0008\000.\0001\0000\000:\000\040\000S\000i\000n\000\040\000L\000i\000n\000e\000a\000r\000\040\000A\000p\000p\000r\000o\000x\000i\000m\000a\000t\000i\000o\000n}{section*.35}% 39
\BOOKMARK [3][-]{problem.8.11}{\376\377\000P\000r\000o\000b\000l\000e\000m\000\040\0008\000.\0001\0001\000:\000\040\000L\000i\000n\000e\000a\000r\000\040\000A\000p\000p\000r\000o\000x\000i\000m\000a\000t\000i\000o\000n\000\040\000o\000f\000\040\000C\000o\000m\000p\000l\000e\000x\000\040\000R\000o\000o\000t\000\040\000a\000n\000d\000\040\000P\000e\000r\000c\000e\000n\000t\000\040\000E\000r\000r\000o\000r}{section*.35}% 40
\BOOKMARK [3][-]{problem.8.12}{\376\377\000P\000r\000o\000b\000l\000e\000m\000\040\0008\000.\0001\0002\000:\000\040\000D\000i\000f\000f\000e\000r\000e\000n\000t\000i\000a\000l\000s}{section*.35}% 41
\BOOKMARK [3][-]{problem.8.13}{\376\377\000P\000r\000o\000b\000l\000e\000m\000\040\0008\000.\0001\0003\000:\000\040\000D\000e\000l\000t\000a\000\040\000v\000.\000\040\000D\000i\000f\000f\000e\000r\000e\000n\000t\000i\000a\000l\000\040\000P\000e\000r\000c\000e\000n\000t\000\040\000E\000r\000r\000o\000r}{section*.35}% 42
\BOOKMARK [2][-]{section*.36}{\376\377\000G\000r\000o\000u\000p\000\040\000A\000s\000s\000i\000g\000n\000m\000e\000n\000t\000:\000\040}{section*.33}% 43
\BOOKMARK [3][-]{problem.8.14}{\376\377\000P\000r\000o\000b\000l\000e\000m\000\040\0008\000.\0001\0004\000:\000\040\000G\000r\000o\000u\000p\000\040\0006\000.\000\040\000S\000e\000c\000\040\0004\000.\0001\000\040\0003}{section*.36}% 44
\BOOKMARK [2][-]{section*.37}{\376\377\000T\000M\000V\000:\000\040}{section*.33}% 45
\BOOKMARK [3][-]{problem.8.15}{\376\377\000P\000r\000o\000b\000l\000e\000m\000\040\0008\000.\0001\0005\000:\000\040\000\043\000\040\0003}{section*.37}% 46
\BOOKMARK [1][-]{section*.39}{\376\377\000W\000e\000e\000k\000\040\0009\000:\000\040\000S\000e\000c\000\040\0004\000.\0003\000,\000\040\0004\000.\0004\000\040\000a\000n\000d\000\040\0004\000.\0005}{}% 47
\BOOKMARK [2][-]{section*.40}{\376\377\000P\000r\000o\000b\000l\000e\000m\000\040\000S\000e\000t\000:\000\040\000S\000e\000t\000\040\0004\000.\0003\000\040\040\023\000\040\000M\000a\000x\000i\000m\000a\000\040\000a\000n\000d\000\040\000M\000i\000n\000i\000m\000a}{section*.39}% 48
\BOOKMARK [3][-]{section*.41}{\376\377\000N\000o\000t\000e\000:\000\040\000A\000b\000s\000o\000l\000u\000t\000e\000\040\000E\000x\000\040\000t\000r\000e\000m\000a}{section*.40}% 49
\BOOKMARK [3][-]{section*.42}{\376\377\000N\000o\000t\000e\000:\000\040\000L\000o\000c\000a\000l\000\040\000E\000x\000t\000r\000e\000m\000a}{section*.40}% 50
\BOOKMARK [3][-]{section*.43}{\376\377\000N\000o\000t\000e\000:\000\040\000F\000e\000r\000m\000a\000t\000'\000s\000\040\000T\000h\000e\000o\000r\000e\000m}{section*.40}% 51
\BOOKMARK [3][-]{section*.44}{\376\377\000N\000o\000t\000e\000:\000\040\000C\000r\000i\000t\000i\000c\000a\000l\000\040\000P\000o\000i\000n\000t}{section*.40}% 52
\BOOKMARK [3][-]{problem.9.1}{\376\377\000P\000r\000o\000b\000l\000e\000m\000\040\0009\000.\0001\000:\000\040}{section*.40}% 53
\BOOKMARK [2][-]{section*.45}{\376\377\000P\000r\000o\000b\000l\000e\000m\000\040\000S\000e\000t\000:\000\040\000S\000e\000t\000\040\0004\000.\0004\000\040\040\023\000\040\000T\000h\000e\000\040\000M\000e\000a\000n\000\040\000V\000a\000l\000u\000e\000\040\000T\000h\000e\000o\000r\000e\000m}{section*.39}% 54
\BOOKMARK [3][-]{section*.46}{\376\377\000N\000o\000t\000e\000:\000\040\000R\000o\000l\000l\000e\000'\000s\000\040\000T\000h\000e\000o\000r\000e\000m}{section*.45}% 55
\BOOKMARK [3][-]{section*.47}{\376\377\000N\000o\000t\000e\000:\000\040\000M\000e\000a\000n\000\040\000V\000a\000l\000u\000e\000\040\000T\000h\000e\000o\000r\000e\000m}{section*.45}% 56
\BOOKMARK [2][-]{section*.48}{\376\377\000P\000r\000o\000b\000l\000e\000m\000\040\000S\000e\000t\000:\000\040\000S\000e\000t\000\040\0004\000.\0005\000\040\040\023\000\040\000D\000e\000r\000i\000v\000a\000t\000i\000v\000e\000s\000\040\000a\000n\000d\000\040\000t\000h\000e\000\040\000S\000h\000a\000p\000e\000\040\000o\000f\000\040\000a\000\040\000G\000r\000a\000p\000h}{section*.39}% 57
\BOOKMARK [3][-]{section*.49}{\376\377\000N\000o\000t\000e\000:\000\040\000F\000i\000r\000s\000t\000\040\000D\000e\000r\000i\000v\000a\000t\000i\000v\000e\000\040\000T\000e\000s\000t}{section*.48}% 58
\BOOKMARK [3][-]{section*.50}{\376\377\000N\000o\000t\000e\000:\000\040\000C\000o\000n\000c\000a\000v\000i\000t\000y}{section*.48}% 59
\BOOKMARK [3][-]{section*.51}{\376\377\000N\000o\000t\000e\000:\000\040\000P\000o\000i\000n\000t\000\040\000o\000f\000\040\000I\000n\000f\000l\000e\000c\000t\000i\000o\000n}{section*.48}% 60
\BOOKMARK [3][-]{section*.52}{\376\377\000N\000o\000t\000e\000:\000\040\000S\000e\000c\000o\000n\000d\000\040\000D\000e\000r\000i\000v\000a\000t\000i\000v\000e\000\040\000T\000e\000s\000t}{section*.48}% 61
\BOOKMARK [2][-]{section*.53}{\376\377\000G\000r\000o\000u\000p\000\040\000A\000s\000s\000i\000g\000n\000m\000e\000n\000t\000:\000\040}{section*.39}% 62
\BOOKMARK [3][-]{problem.9.2}{\376\377\000P\000r\000o\000b\000l\000e\000m\000\040\0009\000.\0002\000:\000\040\000\043\000\040\0004}{section*.53}% 63
\BOOKMARK [2][-]{section*.54}{\376\377\000T\000M\000V\000:\000\040}{section*.39}% 64
\BOOKMARK [3][-]{problem.9.3}{\376\377\000P\000r\000o\000b\000l\000e\000m\000\040\0009\000.\0003\000:\000\040\000\043\000\040\0002}{section*.54}% 65
